credentials environment  key unused... (len 28)
callstorm  scenario=graph-reference
target     ws://refagent.callstorm.svc.cluster.local:8080/v1/agent/converse
profile    impair-ref  2 steps, 22 calls, peak concurrency 8
impair     4 cohorts on eth0: clean, delay-100, jitter-50, loss-3

cohort clean      tc qdisc del dev eth0 root
c2           ramp      concurrency 2    calls 6    ...... p95 507ms  setup 100%  turns 30
c8           ramp      concurrency 8    calls 16   ................ p95 509ms  setup 100%  turns 80

cohort delay-100  tc qdisc replace dev eth0 root netem delay 100ms
c2           ramp      concurrency 2    calls 6    ...... p95 604ms  setup 100%  turns 30
c8           ramp      concurrency 8    calls 16   ................ p95 607ms  setup 100%  turns 80

cohort jitter-50  tc qdisc replace dev eth0 root netem delay 100ms 50ms
c2           ramp      concurrency 2    calls 6    ...... p95 2719ms  setup 100%  turns 30
c8           ramp      concurrency 8    calls 16   ................ p95 2833ms  setup 100%  turns 80

cohort loss-3     tc qdisc replace dev eth0 root netem loss 3%
c2           ramp      concurrency 2    calls 6    ...... p95 503ms  setup 100%  turns 30
c8           ramp      concurrency 8    calls 16   ................ p95 508ms  setup 100%  turns 80

--------------------------------------------------------------------------------------------
LOAD REPORT  impair-ref   scenario=graph-reference
--------------------------------------------------------------------------------------------

step         conc   setup   ttfa p50    ttfa p95    ttfa p99    vs base   verdict
c2           2      100%    502ms       507ms       508ms       1.00x     pass   <- baseline
c8           8      100%    502ms       509ms       510ms       1.00x     pass


how it sounds  under 300ms natural, to 500ms acceptable, to 800ms sluggish, past that breakdown
step         p50        usually       p95        at worst
c2           502ms      sluggish      507ms      sluggish
c8           502ms      sluggish      509ms      sluggish

phase shape   each step split in half by when its calls started, medians compared
step         phase      held     first half  second half drift     reading
c2           ramp       119s     502ms       502ms       -0%       steady
c8           ramp       79s      503ms       502ms       -0%       steady

step         talk      agent wpm  caller wpm  interrupts   score   dead air
c2           29%       150        169         0/30         5.00    -
c8           29%       150        169         0/80         5.00    -

step         ttfa p95    endpointing   think/speak   which half
c2           507ms       202ms         306ms         60% think/speak
c8           509ms       202ms         307ms         60% think/speak

cost         13.6 agent-minutes across the run; pass -rate-per-minute to price it

nodes        share of visits whose reply met the node's expect, visits in brackets
clean            c2             c8            
  open           100% (6)       100% (16)     
  number         100% (12)      100% (32)     
  refund         0% (6)         0% (16)       
  close          (6)            (16)          
delay-100        c2             c8            
  open           100% (6)       100% (16)     
  number         100% (12)      100% (32)     
  refund         0% (6)         0% (16)       
  close          (6)            (16)          
jitter-50        c2             c8            
  open           100% (6)       100% (16)     
  number         100% (12)      100% (32)     
  refund         0% (6)         0% (16)       
  close          (6)            (16)          
loss-3           c2             c8            
  open           100% (6)       100% (16)     
  number         100% (12)      100% (32)     
  refund         0% (6)         0% (16)       
  close          (6)            (16)          

impairment   p95 TTFA per cohort, and its ratio to the same step on the clean network
cohort     network                  c2              c8              breaks at
clean      none                     507ms 1.00x     509ms 1.00x     -
delay-100  +100ms                   604ms 1.19x     607ms 1.19x     -
jitter-50  +100ms ±50ms             2719ms 5.36x    2833ms 5.57x    c2
loss-3     3% loss                  503ms 0.99x     508ms 1.00x     -

tc         applied to eth0, egress only; verdicts scored against the clean baseline
clean      tc qdisc del dev eth0 root
delay-100  tc qdisc replace dev eth0 root netem delay 100ms
jitter-50  tc qdisc replace dev eth0 root netem delay 100ms 50ms
loss-3     tc qdisc replace dev eth0 root netem loss 3%

BREAKPOINT   none reached; every step stayed inside 2x baseline
harness      20ms worst-case pacing drift across the run
duration     886s

report       /runs/20260913-081547-impair-ref.json
csv          /runs/20260913-081547-impair-ref.csv
chart        /runs/20260913-081547-impair-ref.svg
calls        /runs/20260913-081547-impair-ref-calls.jsonl
callstorm exited 0; artifacts stay in /runs for 10 minutes
